 WorkshopB_1_sfun

 Timestamp is 58d2bfd2 (Wed Mar 22 19:17:54 2017)

 Preferred load address is 10000000

 Start         Length     Name                   Class
 0001:00000000 00011374H .text                   CODE
 0002:00000000 00000244H .idata$5                DATA
 0002:00000244 00000004H .CRT$XCA                DATA
 0002:00000248 00000004H .CRT$XCZ                DATA
 0002:0000024c 00000004H .CRT$XIA                DATA
 0002:00000250 00000004H .CRT$XIAA               DATA
 0002:00000254 00000004H .CRT$XIC                DATA
 0002:00000258 00000004H .CRT$XIZ                DATA
 0002:00000260 000006e8H .rdata                  DATA
 0002:00000950 00000004H .rdata$sxdata           DATA
 0002:00000954 00000004H .rtc$IAA                DATA
 0002:00000958 00000004H .rtc$IZZ                DATA
 0002:0000095c 00000004H .rtc$TAA                DATA
 0002:00000960 00000004H .rtc$TZZ                DATA
 0002:00000968 00000064H .xdata$x                DATA
 0002:000009cc 0000008cH .idata$2                DATA
 0002:00000a58 00000014H .idata$3                DATA
 0002:00000a6c 00000244H .idata$4                DATA
 0002:00000cb0 00000ca0H .idata$6                DATA
 0002:00001950 00000056H .edata                  DATA
 0003:00000000 00004040H .data                   DATA
 0003:00004040 00000458H .bss                    DATA

  Address         Publics by Value              Rva+Base       Lib:Object

 0000:00000000       __except_list              00000000     <absolute>
 0000:00000001       ___safe_se_handler_count   00000001     <absolute>
 0000:00009876       __ldused                   00009876     <absolute>
 0000:00009876       __fltused                  00009876     <absolute>
 0000:00000000       ___ImageBase               10000000     <linker-defined>
 0001:00000000       _WorkshopB_1_initializer   10001000 f   WorkshopB_1_sfun.obj
 0001:00000010       _WorkshopB_1_terminator    10001010 f   WorkshopB_1_sfun.obj
 0001:00000020       _sf_WorkshopB_1_method_dispatcher 10001020 f   WorkshopB_1_sfun.obj
 0001:00000090       _sf_WorkshopB_1_uses_exported_functions 10001090 f   WorkshopB_1_sfun.obj
 0001:000000b0       _sf_WorkshopB_1_process_check_sum_call 100010b0 f   WorkshopB_1_sfun.obj
 0001:00000480       _sf_WorkshopB_1_autoinheritance_info 10001480 f   WorkshopB_1_sfun.obj
 0001:00000620       _sf_WorkshopB_1_get_eml_resolved_functions_info 10001620 f   WorkshopB_1_sfun.obj
 0001:00000770       _sf_WorkshopB_1_third_party_uses_info 10001770 f   WorkshopB_1_sfun.obj
 0001:00000900       _sf_WorkshopB_1_jit_fallback_info 10001900 f   WorkshopB_1_sfun.obj
 0001:00000a90       _sf_WorkshopB_1_updateBuildInfo_args_info 10001a90 f   WorkshopB_1_sfun.obj
 0001:00000c20       _sf_WorkshopB_1_get_post_codegen_info 10001c20 f   WorkshopB_1_sfun.obj
 0001:00000d20       _WorkshopB_1_debug_initialize 10001d20 f   WorkshopB_1_sfun.obj
 0001:00000d80       _WorkshopB_1_register_exported_symbols 10001d80 f   WorkshopB_1_sfun.obj
 0001:00000d90       _load_WorkshopB_1_optimization_info 10001d90 f   WorkshopB_1_sfun.obj
 0001:00000dd0       _unload_WorkshopB_1_optimization_info 10001dd0 f   WorkshopB_1_sfun.obj
 0001:00000e20       _sf_c1_WorkshopB_1_get_eml_resolved_functions_info 10001e20 f   c1_WorkshopB_1.obj
 0001:00002210       _sf_c1_WorkshopB_1_get_check_sum 10003210 f   c1_WorkshopB_1.obj
 0001:00002270       _sf_c1_WorkshopB_1_get_autoinheritance_info 10003270 f   c1_WorkshopB_1.obj
 0001:000028c0       _sf_c1_WorkshopB_1_third_party_uses_info 100038c0 f   c1_WorkshopB_1.obj
 0001:000028e0       _sf_c1_WorkshopB_1_jit_fallback_info 100038e0 f   c1_WorkshopB_1.obj
 0001:00002990       _sf_c1_WorkshopB_1_updateBuildInfo_args_info 10003990 f   c1_WorkshopB_1.obj
 0001:000029b0       _sf_c1_WorkshopB_1_get_post_codegen_info 100039b0 f   c1_WorkshopB_1.obj
 0001:00002a50       _c1_WorkshopB_1_method_dispatcher 10003a50 f   c1_WorkshopB_1.obj
 0001:00005a40       _sf_c2_WorkshopB_1_get_eml_resolved_functions_info 10006a40 f   c2_WorkshopB_1.obj
 0001:000066a0       _sf_c2_WorkshopB_1_get_check_sum 100076a0 f   c2_WorkshopB_1.obj
 0001:00006700       _sf_c2_WorkshopB_1_get_autoinheritance_info 10007700 f   c2_WorkshopB_1.obj
 0001:00006b30       _sf_c2_WorkshopB_1_third_party_uses_info 10007b30 f   c2_WorkshopB_1.obj
 0001:00006b50       _sf_c2_WorkshopB_1_jit_fallback_info 10007b50 f   c2_WorkshopB_1.obj
 0001:00006c00       _sf_c2_WorkshopB_1_updateBuildInfo_args_info 10007c00 f   c2_WorkshopB_1.obj
 0001:00006c20       _sf_c2_WorkshopB_1_get_post_codegen_info 10007c20 f   c2_WorkshopB_1.obj
 0001:00006cc0       _c2_WorkshopB_1_method_dispatcher 10007cc0 f   c2_WorkshopB_1.obj
 0001:000088e0       _sf_c3_WorkshopB_1_get_eml_resolved_functions_info 100098e0 f   c3_WorkshopB_1.obj
 0001:00009540       _sf_c3_WorkshopB_1_get_check_sum 1000a540 f   c3_WorkshopB_1.obj
 0001:000095a0       _sf_c3_WorkshopB_1_get_autoinheritance_info 1000a5a0 f   c3_WorkshopB_1.obj
 0001:000099d0       _sf_c3_WorkshopB_1_third_party_uses_info 1000a9d0 f   c3_WorkshopB_1.obj
 0001:000099f0       _sf_c3_WorkshopB_1_jit_fallback_info 1000a9f0 f   c3_WorkshopB_1.obj
 0001:00009aa0       _sf_c3_WorkshopB_1_updateBuildInfo_args_info 1000aaa0 f   c3_WorkshopB_1.obj
 0001:00009ac0       _sf_c3_WorkshopB_1_get_post_codegen_info 1000aac0 f   c3_WorkshopB_1.obj
 0001:00009b60       _c3_WorkshopB_1_method_dispatcher 1000ab60 f   c3_WorkshopB_1.obj
 0001:0000b780       _sf_process_check_sum_call 1000c780 f   WorkshopB_1_sfun_registry.obj
 0001:0000b7b0       _sf_process_machine_uses_exported_functions_call 1000c7b0 f   WorkshopB_1_sfun_registry.obj
 0001:0000b8b0       _sf_process_autoinheritance_call 1000c8b0 f   WorkshopB_1_sfun_registry.obj
 0001:0000b9f0       _sf_process_get_third_party_uses_info_call 1000c9f0 f   WorkshopB_1_sfun_registry.obj
 0001:0000bb30       _sf_process_get_jit_fallback_info_call 1000cb30 f   WorkshopB_1_sfun_registry.obj
 0001:0000bc70       _sf_process_get_updateBuildInfo_args_info_call 1000cc70 f   WorkshopB_1_sfun_registry.obj
 0001:0000bdb0       _sf_process_get_eml_resolved_functions_info_call 1000cdb0 f   WorkshopB_1_sfun_registry.obj
 0001:0000bed0       _sf_process_get_post_codegen_info 1000ced0 f   WorkshopB_1_sfun_registry.obj
 0001:0000bfd0       _sf_mex_unlock_call        1000cfd0 f   WorkshopB_1_sfun_registry.obj
 0001:0000c060       _sf_machine_global_initializer_called 1000d060 f   WorkshopB_1_sfun_registry.obj
 0001:0000c080       _sf_machine_global_method_dispatcher 1000d080 f   WorkshopB_1_sfun_registry.obj
 0001:0000c0c0       _sf_machine_global_terminator 1000d0c0 f   WorkshopB_1_sfun_registry.obj
 0001:0000c100       _sf_register_machine_exported_symbols 1000d100 f   WorkshopB_1_sfun_registry.obj
 0001:0000c120       _callCustomFcn             1000d120 f   WorkshopB_1_sfun_registry.obj
 0001:0000c130       _sf_machine_global_initializer 1000d130 f   WorkshopB_1_sfun_registry.obj
 0001:0000c1a0       _mdlGetSimState            1000d1a0 f   WorkshopB_1_sfun_registry.obj
 0001:0000c200       _mdlSetSimState            1000d200 f   WorkshopB_1_sfun_registry.obj
 0001:0000c230       __ssSetStateAbsTol         1000d230 f   WorkshopB_1_sfun_registry.obj
 0001:0000c2d0       __ssGetAbsTol              1000d2d0 f   WorkshopB_1_sfun_registry.obj
 0001:0000c320       __ssSetInputPortMatrixDimensions 1000d320 f   WorkshopB_1_sfun_registry.obj
 0001:0000c3d0       __ssSetOutputPortMatrixDimensions 1000d3d0 f   WorkshopB_1_sfun_registry.obj
 0001:0000c480       __ssSetInputPortVectorDimension 1000d480 f   WorkshopB_1_sfun_registry.obj
 0001:0000c500       __ssSetOutputPortVectorDimension 1000d500 f   WorkshopB_1_sfun_registry.obj
 0001:0000c580       _ssIsRunTimeParamTunable   1000d580 f   WorkshopB_1_sfun_registry.obj
 0001:0000c5e0       _ssGetSFuncBlockHandle     1000d5e0 f   WorkshopB_1_sfun_registry.obj
 0001:0000c630       __ssGetCurrentInputPortWidth 1000d630 f   WorkshopB_1_sfun_registry.obj
 0001:0000c700       __ssGetCurrentOutputPortWidth 1000d700 f   WorkshopB_1_sfun_registry.obj
 0001:0000c7d0       __ssGetCallSystemNumFcnCallDestinations 1000d7d0 f   WorkshopB_1_sfun_registry.obj
 0001:0000c830       _ssWarning                 1000d830 f   WorkshopB_1_sfun_registry.obj
 0001:0000c910       _ssGetIsZeroCrossControlDisabled 1000d910 f   WorkshopB_1_sfun_registry.obj
 0001:0000c970       _ssSetIsInputPortUsedForContZcSignal 1000d970 f   WorkshopB_1_sfun_registry.obj
 0001:0000c9c0       _ssSetZcSignalIsZcElementDisc 1000d9c0 f   WorkshopB_1_sfun_registry.obj
 0001:0000ca40       _ssSetZcSignalName         1000da40 f   WorkshopB_1_sfun_registry.obj
 0001:0000ca90       _ssSetZcSignalWidth        1000da90 f   WorkshopB_1_sfun_registry.obj
 0001:0000cae0       _ssSetZcSignalZcEventType  1000dae0 f   WorkshopB_1_sfun_registry.obj
 0001:0000cb30       _ssSetZcSignalType         1000db30 f   WorkshopB_1_sfun_registry.obj
 0001:0000cb80       _ssSetZcSignalZcTol        1000db80 f   WorkshopB_1_sfun_registry.obj
 0001:0000cbd0       _ssSetZcSignalNeedsEventNotification 1000dbd0 f   WorkshopB_1_sfun_registry.obj
 0001:0000cc20       _ssCreateAndAddZcSignalInfo 1000dc20 f   WorkshopB_1_sfun_registry.obj
 0001:0000cc80       _ssCloneAndAddZcSignalInfo 1000dc80 f   WorkshopB_1_sfun_registry.obj
 0001:0000cce0       _ssGetNumZcSignals         1000dce0 f   WorkshopB_1_sfun_registry.obj
 0001:0000cd40       _ssGetZcSignalVector       1000dd40 f   WorkshopB_1_sfun_registry.obj
 0001:0000cda0       _ssGetZcSignalZcEvents     1000dda0 f   WorkshopB_1_sfun_registry.obj
 0001:0000ce00       _ssGetZcSignalName         1000de00 f   WorkshopB_1_sfun_registry.obj
 0001:0000ce60       _ssGetZcSignalWidth        1000de60 f   WorkshopB_1_sfun_registry.obj
 0001:0000cec0       _ssGetZcSignalZcEventType  1000dec0 f   WorkshopB_1_sfun_registry.obj
 0001:0000cf20       _ssGetZcSignalType         1000df20 f   WorkshopB_1_sfun_registry.obj
 0001:0000cf80       _ssGetZcSignalZcTol        1000df80 f   WorkshopB_1_sfun_registry.obj
 0001:0000cfe0       _ssGetZcSignalNeedsEventNotification 1000dfe0 f   WorkshopB_1_sfun_registry.obj
 0001:0000d040       _ssGetZcSignalIsZcElementDisc 1000e040 f   WorkshopB_1_sfun_registry.obj
 0001:0000d0c0       _ssGetIsInputPortElementContinuous 1000e0c0 f   WorkshopB_1_sfun_registry.obj
 0001:0000d140       __ssGetInputPortSignalPtrsFcn 1000e140 f   WorkshopB_1_sfun_registry.obj
 0001:0000d340       __ssGetInputPortSignalFcn  1000e340 f   WorkshopB_1_sfun_registry.obj
 0001:0000d4d0       __ssSetInputPortDirectFeedThroughFcn 1000e4d0 f   WorkshopB_1_sfun_registry.obj
 0001:0000d600       __ssSetInputPortReusableFcn 1000e600 f   WorkshopB_1_sfun_registry.obj
 0001:0000d690       __ssSetOutputPortReusableFcn 1000e690 f   WorkshopB_1_sfun_registry.obj
 0001:0000d720       _ssGetDTypeIdFromMxArray   1000e720 f   WorkshopB_1_sfun_registry.obj
 0001:0000d810       _ssWriteRTWStr             1000e810 f   WorkshopB_1_sfun_registry.obj
 0001:0000d850       _ssWriteRTWMxVectParam     1000e850 f   WorkshopB_1_sfun_registry.obj
 0001:0000d890       _ssWriteRTWMx2dMatParam    1000e890 f   WorkshopB_1_sfun_registry.obj
 0001:0000d8d0       _ssWriteRTWNameValuePair   1000e8d0 f   WorkshopB_1_sfun_registry.obj
 0001:0000dc40       _ssWriteRTWParameters      1000ec40 f   WorkshopB_1_sfun_registry.obj
 0001:0000dfe0       _ssWriteRTWParamSettings   1000efe0 f   WorkshopB_1_sfun_registry.obj
 0001:0000e490       _ssWriteRTWWorkVect        1000f490 f   WorkshopB_1_sfun_registry.obj
 0001:0000e820       _mexFunction               1000f820 f   WorkshopB_1_sfun_registry.obj
 0001:00010600       _ProcessMexSfunctionEveryCall 10011600 f   WorkshopB_1_sfun_registry.obj
 0001:0001071e       _sf_debug_set_machine_data_thresholds 1001171e f   sf_runtime:sf_runtime.dll
 0001:00010724       _sf_debug_set_machine_event_thresholds 10011724 f   sf_runtime:sf_runtime.dll
 0001:0001072a       _sf_debug_initialize_machine 1001172a f   sf_runtime:sf_runtime.dll
 0001:00010730       _sf_load_rtw_optimization_info 10011730 f   sf_runtime:sf_runtime.dll
 0001:00010736       _sf_mex_emlrtNameCapturePostProcessR2012a 10011736 f   sf_runtime:sf_runtime.dll
 0001:0001073c       _sf_mex_assign             1001173c f   sf_runtime:sf_runtime.dll
 0001:00010742       _sf_mex_createstruct       10011742 f   sf_runtime:sf_runtime.dll
 0001:00010748       _sf_mex_destroy            10011748 f   sf_runtime:sf_runtime.dll
 0001:0001074e       _sf_mex_duplicatearraysafe 1001174e f   sf_runtime:sf_runtime.dll
 0001:00010754       _sf_mex_createcellmatrix   10011754 f   sf_runtime:sf_runtime.dll
 0001:0001075a       _sf_mex_addfield           1001175a f   sf_runtime:sf_runtime.dll
 0001:00010760       _sf_mex_create             10011760 f   sf_runtime:sf_runtime.dll
 0001:00010766       _sf_mex_error_message      10011766 f   sf_runtime:sf_runtime.dll
 0001:0001076c       _sf_set_rtw_dwork_info     1001176c f   sf_runtime:sf_runtime.dll
 0001:00010772       _sf_mark_chart_reusable_outputs 10011772 f   sf_runtime:sf_runtime.dll
 0001:00010778       _sf_mark_chart_expressionable_inputs 10011778 f   sf_runtime:sf_runtime.dll
 0001:0001077e       _sf_update_buildInfo       1001177e f   sf_runtime:sf_runtime.dll
 0001:00010784       _sf_rtw_info_uint_prop     10011784 f   sf_runtime:sf_runtime.dll
 0001:0001078a       _sf_is_chart_inlinable     1001178a f   sf_runtime:sf_runtime.dll
 0001:00010790       _sim_mode_is_external      10011790 f   sf_runtime:sf_runtime.dll
 0001:00010796       _sim_mode_is_rtw_gen       10011796 f   sf_runtime:sf_runtime.dll
 0001:0001079c       _ssGetOutputPortSignal_wrapper 1001179c f   sf_runtime:sf_runtime.dll
 0001:000107a2       _ssGetInputPortSignal_wrapper 100117a2 f   sf_runtime:sf_runtime.dll
 0001:000107a8       _sf_mex_decode_encoded_mx_struct_array 100117a8 f   sf_runtime:sf_runtime.dll
 0001:000107ae       _sf_debug_reset_current_state_configuration 100117ae f   sf_runtime:sf_runtime.dll
 0001:000107b4       _sf_debug_set_instance_data_value_ptr 100117b4 f   sf_runtime:sf_runtime.dll
 0001:000107ba       _sf_debug_set_chart_data_compiled_props 100117ba f   sf_runtime:sf_runtime.dll
 0001:000107c0       _cv_eml_init_relational    100117c0 f   sf_runtime:sf_runtime.dll
 0001:000107c6       _cv_eml_init_mcdc          100117c6 f   sf_runtime:sf_runtime.dll
 0001:000107cc       _cv_eml_init_if            100117cc f   sf_runtime:sf_runtime.dll
 0001:000107d2       _cv_eml_init_fcn           100117d2 f   sf_runtime:sf_runtime.dll
 0001:000107d8       _cv_eml_init_script        100117d8 f   sf_runtime:sf_runtime.dll
 0001:000107de       _sf_debug_cv_init_trans    100117de f   sf_runtime:sf_runtime.dll
 0001:000107e4       _sf_debug_cv_init_state    100117e4 f   sf_runtime:sf_runtime.dll
 0001:000107ea       _sf_debug_cv_init_chart    100117ea f   sf_runtime:sf_runtime.dll
 0001:000107f0       _sf_debug_set_chart_decomposition 100117f0 f   sf_runtime:sf_runtime.dll
 0001:000107f6       _sf_debug_set_chart_substate_count 100117f6 f   sf_runtime:sf_runtime.dll
 0001:000107fc       _sf_debug_set_chart_state_info 100117fc f   sf_runtime:sf_runtime.dll
 0001:00010802       _sf_debug_set_chart_data_props 10011802 f   sf_runtime:sf_runtime.dll
 0001:00010808       _sf_debug_set_chart_event_thresholds 10011808 f   sf_runtime:sf_runtime.dll
 0001:0001080e       _sf_debug_set_chart_disable_implicit_casting 1001180e f   sf_runtime:sf_runtime.dll
 0001:00010814       _sf_debug_initialize_chart 10011814 f   sf_runtime:sf_runtime.dll
 0001:0001081a       _sf_mex_dup                1001181a f   sf_runtime:sf_runtime.dll
 0001:00010820       _sf_mex_import             10011820 f   sf_runtime:sf_runtime.dll
 0001:00010826       _sf_get_time               10011826 f   sf_runtime:sf_runtime.dll
 0001:0001082c       _sf_debug_check_for_state_inconsistency 1001182c f   sf_runtime:sf_runtime.dll
 0001:00010832       _sf_debug_symbol_scope_pop 10011832 f   sf_runtime:sf_runtime.dll
 0001:00010838       _cv_eval_relational        10011838 f   sf_runtime:sf_runtime.dll
 0001:0001083e       _eml_debug_line_call       1001183e f   sf_runtime:sf_runtime.dll
 0001:00010844       _cv_eml_eval               10011844 f   sf_runtime:sf_runtime.dll
 0001:0001084a       _sf_debug_symbol_scope_add_eml 1001184a f   sf_runtime:sf_runtime.dll
 0001:00010850       _sf_debug_symbol_scope_add_eml_importable 10011850 f   sf_runtime:sf_runtime.dll
 0001:00010856       _sf_debug_symbol_scope_push_eml 10011856 f   sf_runtime:sf_runtime.dll
 0001:0001085c       _sf_debug_data_range_wrapper 1001185c f   sf_runtime:sf_runtime.dll
 0001:00010862       _sf_debug_call             10011862 f   sf_runtime:sf_runtime.dll
 0001:00010868       _sf_debug_symbol_scope_push 10011868 f   sf_runtime:sf_runtime.dll
 0001:0001086e       _sf_mex_call_debug         1001186e f   sf_runtime:sf_runtime.dll
 0001:00010874       _sf_mex_setcell            10011874 f   sf_runtime:sf_runtime.dll
 0001:0001087a       _sf_mex_getcell            1001187a f   sf_runtime:sf_runtime.dll
 0001:00010880       _sf_clear_rtw_identifier   10011880 f   sf_runtime:sf_runtime.dll
 0001:00010886       _sf_debug_terminate        10011886 f   sf_runtime:sf_runtime.dll
 0001:0001088c       _sf_debug_create_debug_instance_struct 1001188c f   sf_runtime:sf_runtime.dll
 0001:00010892       _sf_debug_api              10011892 f   sf_runtime:sf_runtime.dll
 0001:00010898       _callMdlMethodAndReportError 10011898 f   sf_runtime:sf_runtime.dll
 0001:0001089e       _call_sf_machine_global_method_dispatcher 1001189e f   sf_runtime:sf_runtime.dll
 0001:000108a4       _sf_clear_error_manager_info 100118a4 f   sf_runtime:sf_runtime.dll
 0001:000108aa       _sf_mex_error_direct_call  100118aa f   sf_runtime:sf_runtime.dll
 0001:000108b0       _mxCreateLogicalScalar     100118b0 f   libmx:libmx.dll
 0001:000108b6       _mxGetScalar               100118b6 f   libmx:libmx.dll
 0001:000108bc       _mxGetPr                   100118bc f   libmx:libmx.dll
 0001:000108c2       _mxCreateDoubleMatrix_730  100118c2 f   libmx:libmx.dll
 0001:000108c8       _mxGetString_730           100118c8 f   libmx:libmx.dll
 0001:000108ce       _mxIsChar                  100118ce f   libmx:libmx.dll
 0001:000108d4       _mxDestroyArray            100118d4 f   libmx:libmx.dll
 0001:000108da       _mxDuplicateArray          100118da f   libmx:libmx.dll
 0001:000108e0       _mxCreateDoubleScalar      100118e0 f   libmx:libmx.dll
 0001:000108e6       _mxSetField_730            100118e6 f   libmx:libmx.dll
 0001:000108ec       _mxCreateString            100118ec f   libmx:libmx.dll
 0001:000108f2       _mxCreateStructMatrix_730  100118f2 f   libmx:libmx.dll
 0001:000108f8       _mxCreateCellMatrix_730    100118f8 f   libmx:libmx.dll
 0001:000108fe       _mxCreateCellArray_730     100118fe f   libmx:libmx.dll
 0001:00010904       _mxCreateStructArray_730   10011904 f   libmx:libmx.dll
 0001:0001090a       _mxGetClassID              1001190a f   libmx:libmx.dll
 0001:00010910       _mxIsNumeric               10011910 f   libmx:libmx.dll
 0001:00010916       _mxIsComplex               10011916 f   libmx:libmx.dll
 0001:0001091c       _mxGetN                    1001191c f   libmx:libmx.dll
 0001:00010922       _mxGetM                    10011922 f   libmx:libmx.dll
 0001:00010928       _mxCalloc                  10011928 f   libmx:libmx.dll
 0001:0001092e       _mexMakeArrayPersistent    1001192e f   libmex:libmex.dll
 0001:00010934       _mexUnlock                 10011934 f   libmex:libmex.dll
 0001:0001093a       _mexIsLocked               1001193a f   libmex:libmex.dll
 0001:00010940       _mexWarnMsgTxt             10011940 f   libmex:libmex.dll
 0001:00010946       _mexCallMATLABWithObject   10011946 f   libmex:libmex.dll
 0001:0001094c       _mexErrMsgTxt              1001194c f   libmex:libmex.dll
 0001:00010952       _mexLock                   10011952 f   libmex:libmex.dll
 0001:00010958       _utMalloc                  10011958 f   libut:libut.dll
 0001:0001095e       _utFree                    1001195e f   libut:libut.dll
 0001:00010964       _muDoubleScalarSqrt        10011964 f   libmwmathutil:libmwmathutil.dll
 0001:0001096a       _muDoubleScalarSign        1001196a f   libmwmathutil:libmwmathutil.dll
 0001:00010970       _muDoubleScalarAbs         10011970 f   libmwmathutil:libmwmathutil.dll
 0001:00010976       _strcmp                    10011976 f   MSVCRT:MSVCR100.dll
 0001:00010980       @__security_check_cookie@4 10011980 f   MSVCRT:secchk.obj
 0001:00010990       _strlen                    10011990 f   MSVCRT:MSVCR100.dll
 0001:00010996       _memset                    10011996 f   MSVCRT:MSVCR100.dll
 0001:0001099c       _free                      1001199c f   MSVCRT:MSVCR100.dll
 0001:000109a2       _sprintf                   100119a2 f   MSVCRT:MSVCR100.dll
 0001:000109a8       _malloc                    100119a8 f   MSVCRT:MSVCR100.dll
 0001:000109ae       _strcat                    100119ae f   MSVCRT:MSVCR100.dll
 0001:000109c0       __ftol2_sse                100119c0 f   MSVCRT:ftol2.obj
 0001:000109c9       __ftol2_pentium4           100119c9 f   MSVCRT:ftol2.obj
 0001:000109dc       __ftol2_sse_excpt          100119dc f   MSVCRT:ftol2.obj
 0001:000109f6       __ftol2                    100119f6 f   MSVCRT:ftol2.obj
 0001:00010a6c       _memcpy                    10011a6c f   MSVCRT:MSVCR100.dll
 0001:00010a72       _NtCurrentTeb              10011a72 f i MSVCRT:crtdll.obj
 0001:00010ac7       __CRT_INIT@12              10011ac7 f   MSVCRT:crtdll.obj
 0001:00010de7       __DllMainCRTStartup@12     10011de7 f   MSVCRT:crtdll.obj
 0001:00010e0a       ___report_gsfailure        10011e0a f   MSVCRT:gs_report.obj
 0001:00010f10       ___sse2_available_init     10011f10 f   MSVCRT:cpu_disp.obj
 0001:00010f20       ___clean_type_info_names   10011f20 f   MSVCRT:tncleanup.obj
 0001:00010f2c       __onexit                   10011f2c f   MSVCRT:atonexit.obj
 0001:00010fcd       _atexit                    10011fcd f   MSVCRT:atonexit.obj
 0001:00010fe4       __RTC_Initialize           10011fe4 f   MSVCRT:_initsect_.obj
 0001:0001100a       __RTC_Terminate            1001200a f   MSVCRT:_initsect_.obj
 0001:00011030       __malloc_crt               10012030 f   MSVCRT:MSVCR100.dll
 0001:00011036       __encoded_null             10012036 f   MSVCRT:MSVCR100.dll
 0001:00011040       __ValidateImageBase        10012040 f   MSVCRT:pesect.obj
 0001:00011080       __FindPESection            10012080 f   MSVCRT:pesect.obj
 0001:000110d0       __IsNonwritableInCurrentImage 100120d0 f   MSVCRT:pesect.obj
 0001:0001118c       __initterm                 1001218c f   MSVCRT:MSVCR100.dll
 0001:00011192       __initterm_e               10012192 f   MSVCRT:MSVCR100.dll
 0001:00011198       __amsg_exit                10012198 f   MSVCRT:MSVCR100.dll
 0001:0001119e       ___CppXcptFilter           1001219e f   MSVCRT:MSVCR100.dll
 0001:000111a4       _DllMain@12                100121a4 f   MSVCRT:dllmain.obj
 0001:000111d0       __SEH_prolog4              100121d0 f   MSVCRT:sehprolg4.obj
 0001:00011215       __SEH_epilog4              10012215 f   MSVCRT:sehprolg4.obj
 0001:00011229       __except_handler4          10012229 f   MSVCRT:chandler4gs.obj
 0001:0001124e       ___security_init_cookie    1001224e f   MSVCRT:gs_support.obj
 0001:000112ea       __crt_debugger_hook        100122ea f   MSVCRT:MSVCR100.dll
 0001:000112f0       ___clean_type_info_names_internal 100122f0 f   MSVCRT:MSVCR100.dll
 0001:000112f6       __unlock                   100122f6 f   MSVCRT:MSVCR100.dll
 0001:000112fc       ___dllonexit               100122fc f   MSVCRT:MSVCR100.dll
 0001:00011302       __lock                     10012302 f   MSVCRT:MSVCR100.dll
 0001:00011308       __except_handler4_common   10012308 f   MSVCRT:MSVCR100.dll
 0001:0001130e       _EncodePointer@4           1001230e f   kernel32:KERNEL32.dll
 0001:00011314       _DecodePointer@4           10012314 f   kernel32:KERNEL32.dll
 0001:0001131a       _InterlockedExchange@8     1001231a f   kernel32:KERNEL32.dll
 0001:00011320       _Sleep@4                   10012320 f   kernel32:KERNEL32.dll
 0001:00011326       _InterlockedCompareExchange@12 10012326 f   kernel32:KERNEL32.dll
 0001:0001132c       _TerminateProcess@8        1001232c f   kernel32:KERNEL32.dll
 0001:00011332       _GetCurrentProcess@0       10012332 f   kernel32:KERNEL32.dll
 0001:00011338       _UnhandledExceptionFilter@4 10012338 f   kernel32:KERNEL32.dll
 0001:0001133e       _SetUnhandledExceptionFilter@4 1001233e f   kernel32:KERNEL32.dll
 0001:00011344       _IsDebuggerPresent@0       10012344 f   kernel32:KERNEL32.dll
 0001:0001134a       _IsProcessorFeaturePresent@4 1001234a f   kernel32:KERNEL32.dll
 0001:00011350       _DisableThreadLibraryCalls@4 10012350 f   kernel32:KERNEL32.dll
 0001:00011356       _QueryPerformanceCounter@4 10012356 f   kernel32:KERNEL32.dll
 0001:0001135c       _GetTickCount@0            1001235c f   kernel32:KERNEL32.dll
 0001:00011362       _GetCurrentThreadId@0      10012362 f   kernel32:KERNEL32.dll
 0001:00011368       _GetCurrentProcessId@0     10012368 f   kernel32:KERNEL32.dll
 0001:0001136e       _GetSystemTimeAsFileTime@4 1001236e f   kernel32:KERNEL32.dll
 0002:00000000       __imp__GetSystemTimeAsFileTime@4 10013000     kernel32:KERNEL32.dll
 0002:00000004       __imp__GetCurrentProcessId@0 10013004     kernel32:KERNEL32.dll
 0002:00000008       __imp__GetCurrentThreadId@0 10013008     kernel32:KERNEL32.dll
 0002:0000000c       __imp__GetTickCount@0      1001300c     kernel32:KERNEL32.dll
 0002:00000010       __imp__QueryPerformanceCounter@4 10013010     kernel32:KERNEL32.dll
 0002:00000014       __imp__DisableThreadLibraryCalls@4 10013014     kernel32:KERNEL32.dll
 0002:00000018       __imp__IsProcessorFeaturePresent@4 10013018     kernel32:KERNEL32.dll
 0002:0000001c       __imp__IsDebuggerPresent@0 1001301c     kernel32:KERNEL32.dll
 0002:00000020       __imp__SetUnhandledExceptionFilter@4 10013020     kernel32:KERNEL32.dll
 0002:00000024       __imp__UnhandledExceptionFilter@4 10013024     kernel32:KERNEL32.dll
 0002:00000028       __imp__GetCurrentProcess@0 10013028     kernel32:KERNEL32.dll
 0002:0000002c       __imp__TerminateProcess@8  1001302c     kernel32:KERNEL32.dll
 0002:00000030       __imp__InterlockedCompareExchange@12 10013030     kernel32:KERNEL32.dll
 0002:00000034       __imp__Sleep@4             10013034     kernel32:KERNEL32.dll
 0002:00000038       __imp__InterlockedExchange@8 10013038     kernel32:KERNEL32.dll
 0002:0000003c       __imp__DecodePointer@4     1001303c     kernel32:KERNEL32.dll
 0002:00000040       __imp__EncodePointer@4     10013040     kernel32:KERNEL32.dll
 0002:00000044       \177KERNEL32_NULL_THUNK_DATA 10013044     kernel32:KERNEL32.dll
 0002:00000048       __imp___except_handler4_common 10013048     MSVCRT:MSVCR100.dll
 0002:0000004c       __imp___onexit             1001304c     MSVCRT:MSVCR100.dll
 0002:00000050       __imp___lock               10013050     MSVCRT:MSVCR100.dll
 0002:00000054       __imp____dllonexit         10013054     MSVCRT:MSVCR100.dll
 0002:00000058       __imp___unlock             10013058     MSVCRT:MSVCR100.dll
 0002:0000005c       __imp____clean_type_info_names_internal 1001305c     MSVCRT:MSVCR100.dll
 0002:00000060       __imp___crt_debugger_hook  10013060     MSVCRT:MSVCR100.dll
 0002:00000064       __imp____CppXcptFilter     10013064     MSVCRT:MSVCR100.dll
 0002:00000068       __imp___amsg_exit          10013068     MSVCRT:MSVCR100.dll
 0002:0000006c       __imp___initterm_e         1001306c     MSVCRT:MSVCR100.dll
 0002:00000070       __imp___initterm           10013070     MSVCRT:MSVCR100.dll
 0002:00000074       __imp___encoded_null       10013074     MSVCRT:MSVCR100.dll
 0002:00000078       __imp___malloc_crt         10013078     MSVCRT:MSVCR100.dll
 0002:0000007c       __imp__memcpy              1001307c     MSVCRT:MSVCR100.dll
 0002:00000080       __imp__strcat              10013080     MSVCRT:MSVCR100.dll
 0002:00000084       __imp__malloc              10013084     MSVCRT:MSVCR100.dll
 0002:00000088       __imp__sprintf             10013088     MSVCRT:MSVCR100.dll
 0002:0000008c       __imp__free                1001308c     MSVCRT:MSVCR100.dll
 0002:00000090       __imp__memset              10013090     MSVCRT:MSVCR100.dll
 0002:00000094       __imp__strlen              10013094     MSVCRT:MSVCR100.dll
 0002:00000098       __imp__strcmp              10013098     MSVCRT:MSVCR100.dll
 0002:0000009c       \177MSVCR100_NULL_THUNK_DATA 1001309c     MSVCRT:MSVCR100.dll
 0002:000000a0       __imp__mexErrMsgTxt        100130a0     libmex:libmex.dll
 0002:000000a4       __imp__mexUnlock           100130a4     libmex:libmex.dll
 0002:000000a8       __imp__mexIsLocked         100130a8     libmex:libmex.dll
 0002:000000ac       __imp__mexWarnMsgTxt       100130ac     libmex:libmex.dll
 0002:000000b0       __imp__mexLock             100130b0     libmex:libmex.dll
 0002:000000b4       __imp__mexMakeArrayPersistent 100130b4     libmex:libmex.dll
 0002:000000b8       __imp__mexCallMATLABWithObject 100130b8     libmex:libmex.dll
 0002:000000bc       \177libmex_NULL_THUNK_DATA 100130bc     libmex:libmex.dll
 0002:000000c0       __imp__muDoubleScalarSign  100130c0     libmwmathutil:libmwmathutil.dll
 0002:000000c4       __imp__muDoubleScalarAbs   100130c4     libmwmathutil:libmwmathutil.dll
 0002:000000c8       __imp__muDoubleScalarSqrt  100130c8     libmwmathutil:libmwmathutil.dll
 0002:000000cc       \177libmwmathutil_NULL_THUNK_DATA 100130cc     libmwmathutil:libmwmathutil.dll
 0002:000000d0       __imp__mxCalloc            100130d0     libmx:libmx.dll
 0002:000000d4       __imp__mxGetM              100130d4     libmx:libmx.dll
 0002:000000d8       __imp__mxGetN              100130d8     libmx:libmx.dll
 0002:000000dc       __imp__mxIsComplex         100130dc     libmx:libmx.dll
 0002:000000e0       __imp__mxIsNumeric         100130e0     libmx:libmx.dll
 0002:000000e4       __imp__mxGetClassID        100130e4     libmx:libmx.dll
 0002:000000e8       __imp__mxCreateStructArray_730 100130e8     libmx:libmx.dll
 0002:000000ec       __imp__mxCreateCellArray_730 100130ec     libmx:libmx.dll
 0002:000000f0       __imp__mxCreateCellMatrix_730 100130f0     libmx:libmx.dll
 0002:000000f4       __imp__mxCreateStructMatrix_730 100130f4     libmx:libmx.dll
 0002:000000f8       __imp__mxCreateString      100130f8     libmx:libmx.dll
 0002:000000fc       __imp__mxSetField_730      100130fc     libmx:libmx.dll
 0002:00000100       __imp__mxCreateDoubleScalar 10013100     libmx:libmx.dll
 0002:00000104       __imp__mxDuplicateArray    10013104     libmx:libmx.dll
 0002:00000108       __imp__mxDestroyArray      10013108     libmx:libmx.dll
 0002:0000010c       __imp__mxCreateLogicalScalar 1001310c     libmx:libmx.dll
 0002:00000110       __imp__mxGetScalar         10013110     libmx:libmx.dll
 0002:00000114       __imp__mxGetPr             10013114     libmx:libmx.dll
 0002:00000118       __imp__mxCreateDoubleMatrix_730 10013118     libmx:libmx.dll
 0002:0000011c       __imp__mxGetString_730     1001311c     libmx:libmx.dll
 0002:00000120       __imp__mxIsChar            10013120     libmx:libmx.dll
 0002:00000124       \177libmx_NULL_THUNK_DATA  10013124     libmx:libmx.dll
 0002:00000128       __imp__utMalloc            10013128     libut:libut.dll
 0002:0000012c       __imp__utFree              1001312c     libut:libut.dll
 0002:00000130       \177libut_NULL_THUNK_DATA  10013130     libut:libut.dll
 0002:00000134       __imp__call_sf_machine_global_method_dispatcher 10013134     sf_runtime:sf_runtime.dll
 0002:00000138       __imp__callMdlMethodAndReportError 10013138     sf_runtime:sf_runtime.dll
 0002:0000013c       __imp__sf_debug_api        1001313c     sf_runtime:sf_runtime.dll
 0002:00000140       __imp__sf_debug_create_debug_instance_struct 10013140     sf_runtime:sf_runtime.dll
 0002:00000144       __imp__sf_debug_terminate  10013144     sf_runtime:sf_runtime.dll
 0002:00000148       __imp__sf_clear_rtw_identifier 10013148     sf_runtime:sf_runtime.dll
 0002:0000014c       __imp__sf_mex_getcell      1001314c     sf_runtime:sf_runtime.dll
 0002:00000150       __imp__sf_mex_setcell      10013150     sf_runtime:sf_runtime.dll
 0002:00000154       __imp__sf_mex_call_debug   10013154     sf_runtime:sf_runtime.dll
 0002:00000158       __imp__sf_debug_symbol_scope_push 10013158     sf_runtime:sf_runtime.dll
 0002:0000015c       __imp__sf_clear_error_manager_info 1001315c     sf_runtime:sf_runtime.dll
 0002:00000160       __imp__sf_debug_data_range_wrapper 10013160     sf_runtime:sf_runtime.dll
 0002:00000164       __imp__sf_debug_symbol_scope_push_eml 10013164     sf_runtime:sf_runtime.dll
 0002:00000168       __imp__sf_debug_symbol_scope_add_eml_importable 10013168     sf_runtime:sf_runtime.dll
 0002:0000016c       __imp__sf_debug_symbol_scope_add_eml 1001316c     sf_runtime:sf_runtime.dll
 0002:00000170       __imp__cv_eml_eval         10013170     sf_runtime:sf_runtime.dll
 0002:00000174       __imp__eml_debug_line_call 10013174     sf_runtime:sf_runtime.dll
 0002:00000178       __imp__cv_eval_relational  10013178     sf_runtime:sf_runtime.dll
 0002:0000017c       __imp__sf_debug_symbol_scope_pop 1001317c     sf_runtime:sf_runtime.dll
 0002:00000180       __imp__sf_debug_check_for_state_inconsistency 10013180     sf_runtime:sf_runtime.dll
 0002:00000184       __imp__sf_get_time         10013184     sf_runtime:sf_runtime.dll
 0002:00000188       __imp__sf_mex_error_direct_call 10013188     sf_runtime:sf_runtime.dll
 0002:0000018c       __imp__sf_debug_call       1001318c     sf_runtime:sf_runtime.dll
 0002:00000190       __imp__sf_mex_import       10013190     sf_runtime:sf_runtime.dll
 0002:00000194       __imp__sf_mex_dup          10013194     sf_runtime:sf_runtime.dll
 0002:00000198       __imp__sf_debug_initialize_chart 10013198     sf_runtime:sf_runtime.dll
 0002:0000019c       __imp__sf_debug_set_chart_disable_implicit_casting 1001319c     sf_runtime:sf_runtime.dll
 0002:000001a0       __imp__sf_debug_set_chart_event_thresholds 100131a0     sf_runtime:sf_runtime.dll
 0002:000001a4       __imp__sf_debug_set_chart_data_props 100131a4     sf_runtime:sf_runtime.dll
 0002:000001a8       __imp__sf_debug_set_chart_state_info 100131a8     sf_runtime:sf_runtime.dll
 0002:000001ac       __imp__sf_debug_set_chart_substate_count 100131ac     sf_runtime:sf_runtime.dll
 0002:000001b0       __imp__sf_debug_set_chart_decomposition 100131b0     sf_runtime:sf_runtime.dll
 0002:000001b4       __imp__sf_debug_cv_init_chart 100131b4     sf_runtime:sf_runtime.dll
 0002:000001b8       __imp__sf_debug_cv_init_state 100131b8     sf_runtime:sf_runtime.dll
 0002:000001bc       __imp__sf_debug_cv_init_trans 100131bc     sf_runtime:sf_runtime.dll
 0002:000001c0       __imp__cv_eml_init_script  100131c0     sf_runtime:sf_runtime.dll
 0002:000001c4       __imp__cv_eml_init_fcn     100131c4     sf_runtime:sf_runtime.dll
 0002:000001c8       __imp__cv_eml_init_if      100131c8     sf_runtime:sf_runtime.dll
 0002:000001cc       __imp__cv_eml_init_mcdc    100131cc     sf_runtime:sf_runtime.dll
 0002:000001d0       __imp__cv_eml_init_relational 100131d0     sf_runtime:sf_runtime.dll
 0002:000001d4       __imp__sf_debug_set_chart_data_compiled_props 100131d4     sf_runtime:sf_runtime.dll
 0002:000001d8       __imp__sf_debug_set_instance_data_value_ptr 100131d8     sf_runtime:sf_runtime.dll
 0002:000001dc       __imp__sf_debug_reset_current_state_configuration 100131dc     sf_runtime:sf_runtime.dll
 0002:000001e0       __imp__sf_mex_decode_encoded_mx_struct_array 100131e0     sf_runtime:sf_runtime.dll
 0002:000001e4       __imp__ssGetInputPortSignal_wrapper 100131e4     sf_runtime:sf_runtime.dll
 0002:000001e8       __imp__ssGetOutputPortSignal_wrapper 100131e8     sf_runtime:sf_runtime.dll
 0002:000001ec       __imp__sim_mode_is_rtw_gen 100131ec     sf_runtime:sf_runtime.dll
 0002:000001f0       __imp__sim_mode_is_external 100131f0     sf_runtime:sf_runtime.dll
 0002:000001f4       __imp__sf_is_chart_inlinable 100131f4     sf_runtime:sf_runtime.dll
 0002:000001f8       __imp__sf_rtw_info_uint_prop 100131f8     sf_runtime:sf_runtime.dll
 0002:000001fc       __imp__sf_update_buildInfo 100131fc     sf_runtime:sf_runtime.dll
 0002:00000200       __imp__sf_mark_chart_expressionable_inputs 10013200     sf_runtime:sf_runtime.dll
 0002:00000204       __imp__sf_mark_chart_reusable_outputs 10013204     sf_runtime:sf_runtime.dll
 0002:00000208       __imp__sf_set_rtw_dwork_info 10013208     sf_runtime:sf_runtime.dll
 0002:0000020c       __imp__sf_mex_error_message 1001320c     sf_runtime:sf_runtime.dll
 0002:00000210       __imp__sf_mex_create       10013210     sf_runtime:sf_runtime.dll
 0002:00000214       __imp__sf_mex_addfield     10013214     sf_runtime:sf_runtime.dll
 0002:00000218       __imp__sf_mex_createcellmatrix 10013218     sf_runtime:sf_runtime.dll
 0002:0000021c       __imp__sf_mex_duplicatearraysafe 1001321c     sf_runtime:sf_runtime.dll
 0002:00000220       __imp__sf_mex_destroy      10013220     sf_runtime:sf_runtime.dll
 0002:00000224       __imp__sf_mex_createstruct 10013224     sf_runtime:sf_runtime.dll
 0002:00000228       __imp__sf_mex_assign       10013228     sf_runtime:sf_runtime.dll
 0002:0000022c       __imp__sf_mex_emlrtNameCapturePostProcessR2012a 1001322c     sf_runtime:sf_runtime.dll
 0002:00000230       __imp__sf_load_rtw_optimization_info 10013230     sf_runtime:sf_runtime.dll
 0002:00000234       __imp__sf_debug_initialize_machine 10013234     sf_runtime:sf_runtime.dll
 0002:00000238       __imp__sf_debug_set_machine_event_thresholds 10013238     sf_runtime:sf_runtime.dll
 0002:0000023c       __imp__sf_debug_set_machine_data_thresholds 1001323c     sf_runtime:sf_runtime.dll
 0002:00000240       \177sf_runtime_NULL_THUNK_DATA 10013240     sf_runtime:sf_runtime.dll
 0002:00000244       ___xc_a                    10013244     MSVCRT:cinitexe.obj
 0002:00000248       ___xc_z                    10013248     MSVCRT:cinitexe.obj
 0002:0000024c       ___xi_a                    1001324c     MSVCRT:cinitexe.obj
 0002:00000258       ___xi_z                    10013258     MSVCRT:cinitexe.obj
 0002:00000260       __real@41d1675a74c00000    10013260     WorkshopB_1_sfun.obj
 0002:00000268       __real@41d1f3fa1cc00000    10013268     WorkshopB_1_sfun.obj
 0002:00000270       __real@41e393416fa00000    10013270     WorkshopB_1_sfun.obj
 0002:00000278       __real@419ad6df70000000    10013278     WorkshopB_1_sfun.obj
 0002:00000280       __real@41e5402795600000    10013280     WorkshopB_1_sfun.obj
 0002:00000288       __real@41ecff6f22400000    10013288     WorkshopB_1_sfun.obj
 0002:00000290       __real@41c09410e0000000    10013290     WorkshopB_1_sfun.obj
 0002:00000298       __real@41db7f625a000000    10013298     WorkshopB_1_sfun.obj
 0002:000002a0       __real@41e1277483600000    100132a0     WorkshopB_1_sfun.obj
 0002:000002a8       __real@41dab07c1b800000    100132a8     WorkshopB_1_sfun.obj
 0002:000002b0       __real@41ddbbe786000000    100132b0     WorkshopB_1_sfun.obj
 0002:000002b8       __real@41d869a9da400000    100132b8     WorkshopB_1_sfun.obj
 0002:000002c0       __real@0000000000000000    100132c0     WorkshopB_1_sfun.obj
 0002:000002c8       __real@41d9c4677ec00000    100132c8     WorkshopB_1_sfun.obj
 0002:000002d0       __real@41cf488c4a800000    100132d0     WorkshopB_1_sfun.obj
 0002:000002d8       __real@41ec77831e600000    100132d8     WorkshopB_1_sfun.obj
 0002:000002e0       __real@4189799f80000000    100132e0     WorkshopB_1_sfun.obj
 0002:000002e8       __real@419829e760000000    100132e8     c1_WorkshopB_1.obj
 0002:000002f0       __real@41e5a0be89600000    100132f0     c1_WorkshopB_1.obj
 0002:000002f8       __real@41eb1423ab400000    100132f8     c1_WorkshopB_1.obj
 0002:00000300       __real@41b8e9ecbc000000    10013300     c1_WorkshopB_1.obj
 0002:00000308       __real@4024000000000000    10013308     c1_WorkshopB_1.obj
 0002:00000310       __real@3ff0000000000000    10013310     c1_WorkshopB_1.obj
 0002:00000318       __real@4000000000000000    10013318     c1_WorkshopB_1.obj
 0002:00000320       __real@3fe0000000000000    10013320     c1_WorkshopB_1.obj
 0002:00000328       __real@4010000000000000    10013328     c1_WorkshopB_1.obj
 0002:00000330       __real@41d8de9b8c800000    10013330     c2_WorkshopB_1.obj
 0002:00000338       __real@41e4d3fe8ec00000    10013338     c2_WorkshopB_1.obj
 0002:00000340       __real@41eadae61ce00000    10013340     c2_WorkshopB_1.obj
 0002:00000348       __real@41e9373b15e00000    10013348     c2_WorkshopB_1.obj
 0002:00000350       __real@3fb999999999999a    10013350     c2_WorkshopB_1.obj
 0002:00000358       __real@3f50624dd2f1a9fc    10013358     c2_WorkshopB_1.obj
 0002:00000360       _DYNAMIC_DIMENSION_DEF     10013360     WorkshopB_1_sfun_registry.obj
 0002:00000370       __ssBadLevel2InputAccessMsg 10013370     WorkshopB_1_sfun_registry.obj
 0002:000004f8       __ssBadLevel2DirectFeedMsg 100134f8     WorkshopB_1_sfun_registry.obj
 0002:00000638       __ssBadLevel2DirectFeedSolutionMsg 10013638     WorkshopB_1_sfun_registry.obj
 0002:000006a8       __ssBadLevel2ZeroDirectFeedMsg 100136a8     WorkshopB_1_sfun_registry.obj
 0002:000007e8       __ssBadLevel2ZeroDirectFeedMsg2 100137e8     WorkshopB_1_sfun_registry.obj
 0002:000008d0       __real@bff0000000000000    100138d0     WorkshopB_1_sfun_registry.obj
 0002:000008d8       __real@4153d65940000000    100138d8     WorkshopB_1_sfun_registry.obj
 0002:000008e0       __pRawDllMain              100138e0     MSVCRT:crtdll.obj
 0002:000008e0       __pDefaultRawDllMain       100138e0     MSVCRT:crtdll.obj
 0002:000008ec       ?ProcessDetach@NativeDll@<CrtImplementationDetails>@@0IB 100138ec     MSVCRT:tncleanup.obj
 0002:000008f0       ?ProcessAttach@NativeDll@<CrtImplementationDetails>@@0IB 100138f0     MSVCRT:tncleanup.obj
 0002:000008f4       ?ThreadAttach@NativeDll@<CrtImplementationDetails>@@0IB 100138f4     MSVCRT:tncleanup.obj
 0002:000008f8       ?ThreadDetach@NativeDll@<CrtImplementationDetails>@@0IB 100138f8     MSVCRT:tncleanup.obj
 0002:000008fc       ?ProcessVerifier@NativeDll@<CrtImplementationDetails>@@0IB 100138fc     MSVCRT:tncleanup.obj
 0002:00000900       __load_config_used         10013900     MSVCRT:loadcfg.obj
 0002:00000950       ___safe_se_handler_table   10013950     <linker-defined>
 0002:00000954       ___rtc_iaa                 10013954     MSVCRT:_initsect_.obj
 0002:00000958       ___rtc_izz                 10013958     MSVCRT:_initsect_.obj
 0002:0000095c       ___rtc_taa                 1001395c     MSVCRT:_initsect_.obj
 0002:00000960       ___rtc_tzz                 10013960     MSVCRT:_initsect_.obj
 0002:000009cc       __IMPORT_DESCRIPTOR_sf_runtime 100139cc     sf_runtime:sf_runtime.dll
 0002:000009e0       __IMPORT_DESCRIPTOR_libmx  100139e0     libmx:libmx.dll
 0002:000009f4       __IMPORT_DESCRIPTOR_libmex 100139f4     libmex:libmex.dll
 0002:00000a08       __IMPORT_DESCRIPTOR_libut  10013a08     libut:libut.dll
 0002:00000a1c       __IMPORT_DESCRIPTOR_libmwmathutil 10013a1c     libmwmathutil:libmwmathutil.dll
 0002:00000a30       __IMPORT_DESCRIPTOR_MSVCR100 10013a30     MSVCRT:MSVCR100.dll
 0002:00000a44       __IMPORT_DESCRIPTOR_KERNEL32 10013a44     kernel32:KERNEL32.dll
 0002:00000a58       __NULL_IMPORT_DESCRIPTOR   10013a58     sf_runtime:sf_runtime.dll
 0003:00003494       _DYNAMIC_DIMENSION         10018494     WorkshopB_1_sfun_registry.obj
 0003:00004020       ___security_cookie         10019020     MSVCRT:gs_cookie.obj
 0003:00004024       ___security_cookie_complement 10019024     MSVCRT:gs_cookie.obj
 0003:00004030       ___native_dllmain_reason   10019030     MSVCRT:natstart.obj
 0003:00004034       ___native_vcclrit_reason   10019034     MSVCRT:natstart.obj
 0003:00004140       _sfGlobalDebugInstanceStruct 10019140     WorkshopB_1_sfun_registry.obj
 0003:00004474       ?__type_info_root_node@@3U__type_info_node@@A 10019474     MSVCRT:tncleanup.obj
 0003:0000447c       __WorkshopB_1MachineNumber_ 1001947c     <common>
 0003:00004480       ___native_startup_state    10019480     <common>
 0003:00004484       ___native_startup_lock     10019484     <common>
 0003:00004488       ___onexitend               10019488     <common>
 0003:0000448c       ___onexitbegin             1001948c     <common>
 0003:00004490       ___sse2_available          10019490     <common>
 0003:00004494       ___dyn_tls_init_callback   10019494     <common>

 entry point at        0001:00010de7

 Static symbols

 0001:00000e80       _c1_info_helper            10001e80 f   c1_WorkshopB_1.obj
 0001:00002160       _c1_emlrt_marshallOut      10003160 f   c1_WorkshopB_1.obj
 0001:000021c0       _c1_b_emlrt_marshallOut    100031c0 f   c1_WorkshopB_1.obj
 0001:00002ab0       _mdlProcessParameters_c1_WorkshopB_1 10003ab0 f   c1_WorkshopB_1.obj
 0001:00002b60       _initialize_params_c1_WorkshopB_1 10003b60 f   c1_WorkshopB_1.obj
 0001:00002b70       _mdlSetWorkWidths_c1_WorkshopB_1 10003b70 f   c1_WorkshopB_1.obj
 0001:00002f60       _sf_get_instance_specialization 10003f60 f   c1_WorkshopB_1.obj
 0001:00002f70       _mdlStart_c1_WorkshopB_1   10003f70 f   c1_WorkshopB_1.obj
 0001:00003150       _init_dsm_address_info     10004150 f   c1_WorkshopB_1.obj
 0001:00003160       _init_simulink_io_address  10004160 f   c1_WorkshopB_1.obj
 0001:000031f0       _sf_get_sim_state_info_c1_WorkshopB_1 100041f0 f   c1_WorkshopB_1.obj
 0001:00003290       _chart_debug_initialization 10004290 f   c1_WorkshopB_1.obj
 0001:00003d90       _init_script_number_translation 10004d90 f   c1_WorkshopB_1.obj
 0001:00003da0       _c1_sf_marshallOut         10004da0 f   c1_WorkshopB_1.obj
 0001:00003e20       _c1_sf_marshallIn          10004e20 f   c1_WorkshopB_1.obj
 0001:00003ea0       _c1_b_emlrt_marshallIn     10004ea0 f   c1_WorkshopB_1.obj
 0001:00003ef0       _sf_opaque_initialize_c1_WorkshopB_1 10004ef0 f   c1_WorkshopB_1.obj
 0001:00003f20       _initialize_c1_WorkshopB_1 10004f20 f   c1_WorkshopB_1.obj
 0001:00003f50       _sf_opaque_enable_c1_WorkshopB_1 10004f50 f   c1_WorkshopB_1.obj
 0001:00003f70       _enable_c1_WorkshopB_1     10004f70 f   c1_WorkshopB_1.obj
 0001:00003f90       _sf_opaque_disable_c1_WorkshopB_1 10004f90 f   c1_WorkshopB_1.obj
 0001:00003fb0       _disable_c1_WorkshopB_1    10004fb0 f   c1_WorkshopB_1.obj
 0001:00003fd0       _sf_opaque_gateway_c1_WorkshopB_1 10004fd0 f   c1_WorkshopB_1.obj
 0001:00003ff0       _sf_gateway_c1_WorkshopB_1 10004ff0 f   c1_WorkshopB_1.obj
 0001:000054e0       _c1_eml_error              100064e0 f   c1_WorkshopB_1.obj
 0001:00005610       _sf_opaque_get_sim_state_c1_WorkshopB_1 10006610 f   c1_WorkshopB_1.obj
 0001:00005640       _get_sim_state_c1_WorkshopB_1 10006640 f   c1_WorkshopB_1.obj
 0001:00005750       _sf_opaque_set_sim_state_c1_WorkshopB_1 10006750 f   c1_WorkshopB_1.obj
 0001:00005790       _set_sim_state_c1_WorkshopB_1 10006790 f   c1_WorkshopB_1.obj
 0001:00005840       _c1_update_debugger_state_c1_WorkshopB_1 10006840 f   c1_WorkshopB_1.obj
 0001:00005850       _c1_emlrt_marshallIn       10006850 f   c1_WorkshopB_1.obj
 0001:000058a0       _c1_d_emlrt_marshallIn     100068a0 f   c1_WorkshopB_1.obj
 0001:000058f0       _c1_e_emlrt_marshallIn     100068f0 f   c1_WorkshopB_1.obj
 0001:00005940       _sf_opaque_terminate_c1_WorkshopB_1 10006940 f   c1_WorkshopB_1.obj
 0001:000059d0       _finalize_c1_WorkshopB_1   100069d0 f   c1_WorkshopB_1.obj
 0001:000059e0       _sf_opaque_init_subchart_simstructs 100069e0 f   c1_WorkshopB_1.obj
 0001:00005a00       _initSimStructsc1_WorkshopB_1 10006a00 f   c1_WorkshopB_1.obj
 0001:00005a10       _mdlRTW_c1_WorkshopB_1     10006a10 f   c1_WorkshopB_1.obj
 0001:00005aa0       _c2_info_helper            10006aa0 f   c2_WorkshopB_1.obj
 0001:000065f0       _c2_emlrt_marshallOut      100075f0 f   c2_WorkshopB_1.obj
 0001:00006650       _c2_b_emlrt_marshallOut    10007650 f   c2_WorkshopB_1.obj
 0001:00006d20       _mdlProcessParameters_c2_WorkshopB_1 10007d20 f   c2_WorkshopB_1.obj
 0001:00006dd0       _initialize_params_c2_WorkshopB_1 10007dd0 f   c2_WorkshopB_1.obj
 0001:00006de0       _mdlSetWorkWidths_c2_WorkshopB_1 10007de0 f   c2_WorkshopB_1.obj
 0001:00007180       _sf_get_instance_specialization 10008180 f   c2_WorkshopB_1.obj
 0001:00007190       _mdlStart_c2_WorkshopB_1   10008190 f   c2_WorkshopB_1.obj
 0001:00007370       _init_dsm_address_info     10008370 f   c2_WorkshopB_1.obj
 0001:00007380       _init_simulink_io_address  10008380 f   c2_WorkshopB_1.obj
 0001:000073d0       _sf_get_sim_state_info_c2_WorkshopB_1 100083d0 f   c2_WorkshopB_1.obj
 0001:00007470       _chart_debug_initialization 10008470 f   c2_WorkshopB_1.obj
 0001:00007a40       _init_script_number_translation 10008a40 f   c2_WorkshopB_1.obj
 0001:00007a50       _c2_sf_marshallOut         10008a50 f   c2_WorkshopB_1.obj
 0001:00007ad0       _c2_sf_marshallIn          10008ad0 f   c2_WorkshopB_1.obj
 0001:00007b50       _c2_b_emlrt_marshallIn     10008b50 f   c2_WorkshopB_1.obj
 0001:00007ba0       _sf_opaque_initialize_c2_WorkshopB_1 10008ba0 f   c2_WorkshopB_1.obj
 0001:00007bd0       _initialize_c2_WorkshopB_1 10008bd0 f   c2_WorkshopB_1.obj
 0001:00007c00       _sf_opaque_enable_c2_WorkshopB_1 10008c00 f   c2_WorkshopB_1.obj
 0001:00007c20       _enable_c2_WorkshopB_1     10008c20 f   c2_WorkshopB_1.obj
 0001:00007c40       _sf_opaque_disable_c2_WorkshopB_1 10008c40 f   c2_WorkshopB_1.obj
 0001:00007c60       _disable_c2_WorkshopB_1    10008c60 f   c2_WorkshopB_1.obj
 0001:00007c80       _sf_opaque_gateway_c2_WorkshopB_1 10008c80 f   c2_WorkshopB_1.obj
 0001:00007ca0       _sf_gateway_c2_WorkshopB_1 10008ca0 f   c2_WorkshopB_1.obj
 0001:000084b0       _sf_opaque_get_sim_state_c2_WorkshopB_1 100094b0 f   c2_WorkshopB_1.obj
 0001:000084e0       _get_sim_state_c2_WorkshopB_1 100094e0 f   c2_WorkshopB_1.obj
 0001:000085f0       _sf_opaque_set_sim_state_c2_WorkshopB_1 100095f0 f   c2_WorkshopB_1.obj
 0001:00008630       _set_sim_state_c2_WorkshopB_1 10009630 f   c2_WorkshopB_1.obj
 0001:000086e0       _c2_update_debugger_state_c2_WorkshopB_1 100096e0 f   c2_WorkshopB_1.obj
 0001:000086f0       _c2_emlrt_marshallIn       100096f0 f   c2_WorkshopB_1.obj
 0001:00008740       _c2_d_emlrt_marshallIn     10009740 f   c2_WorkshopB_1.obj
 0001:00008790       _c2_e_emlrt_marshallIn     10009790 f   c2_WorkshopB_1.obj
 0001:000087e0       _sf_opaque_terminate_c2_WorkshopB_1 100097e0 f   c2_WorkshopB_1.obj
 0001:00008870       _finalize_c2_WorkshopB_1   10009870 f   c2_WorkshopB_1.obj
 0001:00008880       _sf_opaque_init_subchart_simstructs 10009880 f   c2_WorkshopB_1.obj
 0001:000088a0       _initSimStructsc2_WorkshopB_1 100098a0 f   c2_WorkshopB_1.obj
 0001:000088b0       _mdlRTW_c2_WorkshopB_1     100098b0 f   c2_WorkshopB_1.obj
 0001:00008940       _c3_info_helper            10009940 f   c3_WorkshopB_1.obj
 0001:00009490       _c3_emlrt_marshallOut      1000a490 f   c3_WorkshopB_1.obj
 0001:000094f0       _c3_b_emlrt_marshallOut    1000a4f0 f   c3_WorkshopB_1.obj
 0001:00009bc0       _mdlProcessParameters_c3_WorkshopB_1 1000abc0 f   c3_WorkshopB_1.obj
 0001:00009c70       _initialize_params_c3_WorkshopB_1 1000ac70 f   c3_WorkshopB_1.obj
 0001:00009c80       _mdlSetWorkWidths_c3_WorkshopB_1 1000ac80 f   c3_WorkshopB_1.obj
 0001:0000a020       _sf_get_instance_specialization 1000b020 f   c3_WorkshopB_1.obj
 0001:0000a030       _mdlStart_c3_WorkshopB_1   1000b030 f   c3_WorkshopB_1.obj
 0001:0000a210       _init_dsm_address_info     1000b210 f   c3_WorkshopB_1.obj
 0001:0000a220       _init_simulink_io_address  1000b220 f   c3_WorkshopB_1.obj
 0001:0000a270       _sf_get_sim_state_info_c3_WorkshopB_1 1000b270 f   c3_WorkshopB_1.obj
 0001:0000a310       _chart_debug_initialization 1000b310 f   c3_WorkshopB_1.obj
 0001:0000a8e0       _init_script_number_translation 1000b8e0 f   c3_WorkshopB_1.obj
 0001:0000a8f0       _c3_sf_marshallOut         1000b8f0 f   c3_WorkshopB_1.obj
 0001:0000a970       _c3_sf_marshallIn          1000b970 f   c3_WorkshopB_1.obj
 0001:0000a9f0       _c3_b_emlrt_marshallIn     1000b9f0 f   c3_WorkshopB_1.obj
 0001:0000aa40       _sf_opaque_initialize_c3_WorkshopB_1 1000ba40 f   c3_WorkshopB_1.obj
 0001:0000aa70       _initialize_c3_WorkshopB_1 1000ba70 f   c3_WorkshopB_1.obj
 0001:0000aaa0       _sf_opaque_enable_c3_WorkshopB_1 1000baa0 f   c3_WorkshopB_1.obj
 0001:0000aac0       _enable_c3_WorkshopB_1     1000bac0 f   c3_WorkshopB_1.obj
 0001:0000aae0       _sf_opaque_disable_c3_WorkshopB_1 1000bae0 f   c3_WorkshopB_1.obj
 0001:0000ab00       _disable_c3_WorkshopB_1    1000bb00 f   c3_WorkshopB_1.obj
 0001:0000ab20       _sf_opaque_gateway_c3_WorkshopB_1 1000bb20 f   c3_WorkshopB_1.obj
 0001:0000ab40       _sf_gateway_c3_WorkshopB_1 1000bb40 f   c3_WorkshopB_1.obj
 0001:0000b350       _sf_opaque_get_sim_state_c3_WorkshopB_1 1000c350 f   c3_WorkshopB_1.obj
 0001:0000b380       _get_sim_state_c3_WorkshopB_1 1000c380 f   c3_WorkshopB_1.obj
 0001:0000b490       _sf_opaque_set_sim_state_c3_WorkshopB_1 1000c490 f   c3_WorkshopB_1.obj
 0001:0000b4d0       _set_sim_state_c3_WorkshopB_1 1000c4d0 f   c3_WorkshopB_1.obj
 0001:0000b580       _c3_update_debugger_state_c3_WorkshopB_1 1000c580 f   c3_WorkshopB_1.obj
 0001:0000b590       _c3_emlrt_marshallIn       1000c590 f   c3_WorkshopB_1.obj
 0001:0000b5e0       _c3_d_emlrt_marshallIn     1000c5e0 f   c3_WorkshopB_1.obj
 0001:0000b630       _c3_e_emlrt_marshallIn     1000c630 f   c3_WorkshopB_1.obj
 0001:0000b680       _sf_opaque_terminate_c3_WorkshopB_1 1000c680 f   c3_WorkshopB_1.obj
 0001:0000b710       _finalize_c3_WorkshopB_1   1000c710 f   c3_WorkshopB_1.obj
 0001:0000b720       _sf_opaque_init_subchart_simstructs 1000c720 f   c3_WorkshopB_1.obj
 0001:0000b740       _initSimStructsc3_WorkshopB_1 1000c740 f   c3_WorkshopB_1.obj
 0001:0000b750       _mdlRTW_c3_WorkshopB_1     1000c750 f   c3_WorkshopB_1.obj
 0001:0000c1d0       _getChartInfoFromSimStruct 1000d1d0 f   WorkshopB_1_sfun_registry.obj
 0001:0000d2d0       __ssFatalError             1000e2d0 f   WorkshopB_1_sfun_registry.obj
 0001:0000f630       _ProcessMexSfunctionCmdLineCall 10010630 f   WorkshopB_1_sfun_registry.obj
 0001:0000f7c0       _sf_debug_api_wrapper      100107c0 f   WorkshopB_1_sfun_registry.obj
 0001:0000f7f0       _mdlStart                  100107f0 f   WorkshopB_1_sfun_registry.obj
 0001:0000f810       _mdl_start_processing      10010810 f   WorkshopB_1_sfun_registry.obj
 0001:0000f8a0       _mdlTerminate              100108a0 f   WorkshopB_1_sfun_registry.obj
 0001:0000f8c0       _mdl_terminate_processing  100108c0 f   WorkshopB_1_sfun_registry.obj
 0001:0000f930       _mdlInitializeSampleTimes  10010930 f   WorkshopB_1_sfun_registry.obj
 0001:0000f950       _mdlZeroCrossings          10010950 f   WorkshopB_1_sfun_registry.obj
 0001:0000f970       _mdl_zeroCrossings_processing 10010970 f   WorkshopB_1_sfun_registry.obj
 0001:0000f9a0       _mdlDerivatives            100109a0 f   WorkshopB_1_sfun_registry.obj
 0001:0000f9c0       _mdl_derivatives_processing 100109c0 f   WorkshopB_1_sfun_registry.obj
 0001:0000fa00       _mdlInitializeConditions   10010a00 f   WorkshopB_1_sfun_registry.obj
 0001:0000fa20       _mdl_initialize_conditions_processing 10010a20 f   WorkshopB_1_sfun_registry.obj
 0001:0000fa60       _mdlEnable                 10010a60 f   WorkshopB_1_sfun_registry.obj
 0001:0000fa80       _mdl_enable_processing     10010a80 f   WorkshopB_1_sfun_registry.obj
 0001:0000fab0       _mdlDisable                10010ab0 f   WorkshopB_1_sfun_registry.obj
 0001:0000fad0       _mdl_disable_processing    10010ad0 f   WorkshopB_1_sfun_registry.obj
 0001:0000fb00       _mdlOutputs                10010b00 f   WorkshopB_1_sfun_registry.obj
 0001:0000fb20       _mdl_outputs_processing    10010b20 f   WorkshopB_1_sfun_registry.obj
 0001:0000fbf0       _mdl_outputs_continuous_legacy 10010bf0 f   WorkshopB_1_sfun_registry.obj
 0001:0000fcc0       _mdlGetTimeOfNextVarHit    10010cc0 f   WorkshopB_1_sfun_registry.obj
 0001:0000fd00       __ProcessMexSfunctionCmdLineCall 10010d00 f   WorkshopB_1_sfun_registry.obj
 0001:00010320       _mdlSetWorkWidths          10011320 f   WorkshopB_1_sfun_registry.obj
 0001:00010340       _mdlProcessParameters      10011340 f   WorkshopB_1_sfun_registry.obj
 0001:00010360       _mdlInitializeSizes        10011360 f   WorkshopB_1_sfun_registry.obj
 0001:00010380       _mdlExtModeExec            10011380 f   WorkshopB_1_sfun_registry.obj
 0001:000103a0       _mdl_ext_mode_exec_processing 100113a0 f   WorkshopB_1_sfun_registry.obj
 0001:000103e0       _mdlRTW                    100113e0 f   WorkshopB_1_sfun_registry.obj
 0001:00010410       __CreateSimStruct          10011410 f   WorkshopB_1_sfun_registry.obj
 0001:00010540       __RegNumInputPortsCB       10011540 f   WorkshopB_1_sfun_registry.obj
 0001:000105a0       __RegNumOutputPortsCB      100115a0 f   WorkshopB_1_sfun_registry.obj
 0001:00010a79       _pre_c_init                10011a79 f   MSVCRT:crtdll.obj
 0001:00010cd1       ___DllMainCRTStartup       10011cd1 f   MSVCRT:crtdll.obj
